[16:48:04] [main/INFO] (FabricLoader/GameProvider) Loading Minecraft 1.20.1 with Fabric Loader 0.19.3
[16:48:05] [main/INFO] (FabricLoader) Loading 63 mods:
	- architectury 9.2.14
	- fabric-api 0.92.9+1.20.1
	- fabric-api-base 0.4.32+1802ada577
	- fabric-api-lookup-api-v1 1.6.37+1802ada577
	- fabric-biome-api-v1 13.0.15+93aa238b77
	- fabric-block-api-v1 1.0.12+1802ada577
	- fabric-block-view-api-v2 1.0.3+924f046a77
	- fabric-blockrenderlayer-v1 1.1.42+1802ada577
	- fabric-client-tags-api-v1 1.1.3+1802ada577
	- fabric-command-api-v1 1.2.35+f71b366f77
	- fabric-command-api-v2 2.2.14+1802ada577
	- fabric-commands-v0 0.2.52+df3654b377
	- fabric-containers-v0 0.1.68+df3654b377
	- fabric-content-registries-v0 4.0.13+1802ada577
	- fabric-convention-tags-v1 1.5.6+1802ada577
	- fabric-crash-report-info-v1 0.2.20+1802ada577
	- fabric-data-attachment-api-v1 1.0.2+de0fd6d177
	- fabric-data-generation-api-v1 12.3.9+1802ada577
	- fabric-dimensions-v1 2.1.55+1802ada577
	- fabric-entity-events-v1 1.6.1+1c78457f77
	- fabric-events-interaction-v0 0.6.6+13a40c6677
	- fabric-events-lifecycle-v0 0.2.64+df3654b377
	- fabric-game-rule-api-v1 1.0.41+1802ada577
	- fabric-gametest-api-v1 1.2.15+1802ada577
	- fabric-item-api-v1 2.1.29+1802ada577
	- fabric-item-group-api-v1 4.0.14+1802ada577
	- fabric-key-binding-api-v1 1.0.38+1802ada577
	- fabric-keybindings-v0 0.2.36+df3654b377
	- fabric-lifecycle-events-v1 2.2.23+1802ada577
	- fabric-loot-api-v2 1.2.3+1802ada577
	- fabric-loot-tables-v1 1.1.47+9e7660c677
	- fabric-message-api-v1 5.1.10+1802ada577
	- fabric-mining-level-api-v1 2.1.52+1802ada577
	- fabric-model-loading-api-v1 1.0.4+1802ada577
	- fabric-models-v0 0.4.3+9386d8a777
	- fabric-networking-api-v1 1.3.15+0caff8d077
	- fabric-networking-v0 0.3.55+df3654b377
	- fabric-object-builder-api-v1 11.1.5+e35120df77
	- fabric-particles-v1 1.1.3+1802ada577
	- fabric-recipe-api-v1 1.0.25+1802ada577
	- fabric-registry-sync-v0 2.4.1+4c0a70e677
	- fabric-renderer-api-v1 3.2.2+1802ada577
	- fabric-renderer-indigo 1.5.3+85287f9f77
	- fabric-renderer-registries-v1 3.2.47+df3654b377
	- fabric-rendering-data-attachment-v1 0.3.39+92a0d36777
	- fabric-rendering-fluids-v1 3.0.29+1802ada577
	- fabric-rendering-v0 1.1.50+df3654b377
	- fabric-rendering-v1 3.0.9+1802ada577
	- fabric-resource-conditions-api-v1 2.3.9+1802ada577
	- fabric-resource-loader-v0 0.11.12+fb82e9d777
	- fabric-screen-api-v1 2.0.9+1802ada577
	- fabric-screen-handler-api-v1 1.3.34+1802ada577
	- fabric-sound-api-v1 1.0.14+1802ada577
	- fabric-transfer-api-v1 3.3.6+8dd72ea377
	- fabric-transitive-access-wideners-v1 4.3.2+1802ada577
	- fabricloader 0.19.3
	- generated_814b5a0 1.0.0
	- iconr 2.0.1-mc1.20.1
	- java 21
	- minecraft 1.20.1
	- mixinextras 0.5.4
	- modmenu 7.2.2
	- yunbeiuc 1.0.0-26w28a
[16:48:19] [main/INFO] (FabricLoader/Mixin) SpongePowered MIXIN Subsystem Version=0.8.7 Source=file:/C:/Users/Beigu/.gradle/caches/modules-2/files-2.1/net.fabricmc/sponge-mixin/0.17.3+mixin.0.8.7/41c4a3984a80f4679e759fb9f495587acc5cdac7/sponge-mixin-0.17.3+mixin.0.8.7.jar Service=Knot/Fabric Env=CLIENT
[16:48:20] [main/INFO] (FabricLoader/Mixin) Loaded Fabric development mappings for mixin remapper!
[16:48:20] [main/INFO] (FabricLoader/Mixin) Compatibility level set to JAVA_16
[16:48:20] [main/INFO] (FabricLoader/Mixin) Compatibility level set to JAVA_17
[16:48:23] [main/INFO] (FabricLoader/MixinExtras|Service) Initializing MixinExtras via com.llamalad7.mixinextras.service.MixinExtrasServiceImpl(version=0.5.4).
[16:48:40] [Datafixer Bootstrap/INFO] (Minecraft) 188 Datafixer optimizations took 748 milliseconds
[16:48:45] [Render thread/INFO] (Minecraft) [STDERR]: [LWJGL] [ThreadLocalUtil] Unsupported JNI version detected, this may result in a crash. Please inform LWJGL developers.
[16:48:46] [Render thread/INFO] (Minecraft) Environment: authHost='https://authserver.mojang.com', accountsHost='https://api.mojang.com', sessionHost='https://sessionserver.mojang.com', servicesHost='https://api.minecraftservices.com', name='PROD'
[16:48:48] [Render thread/ERROR] (Minecraft) Failed to verify authentication
com.mojang.authlib.exceptions.InvalidCredentialsException: Status: 401
	at com.mojang.authlib.exceptions.MinecraftClientHttpException.toAuthenticationException(MinecraftClientHttpException.java:56) ~[authlib-4.0.43.jar:?]
	at com.mojang.authlib.yggdrasil.YggdrasilUserApiService.fetchProperties(YggdrasilUserApiService.java:156) ~[authlib-4.0.43.jar:?]
	at com.mojang.authlib.yggdrasil.YggdrasilUserApiService.<init>(YggdrasilUserApiService.java:55) ~[authlib-4.0.43.jar:?]
	at com.mojang.authlib.yggdrasil.YggdrasilAuthenticationService.createUserApiService(YggdrasilAuthenticationService.java:124) ~[authlib-4.0.43.jar:?]
	at net.minecraft.client.MinecraftClient.createUserApiService(MinecraftClient.java:733) ~[minecraft-merged-64066463a3-1.20.1-net.fabricmc.yarn.1_20_1.1.20.1+build.10-v2.jar:?]
	at net.minecraft.client.MinecraftClient.<init>(MinecraftClient.java:442) ~[minecraft-merged-64066463a3-1.20.1-net.fabricmc.yarn.1_20_1.1.20.1+build.10-v2.jar:?]
	at net.minecraft.client.main.Main.main(Main.java:211) ~[minecraft-merged-64066463a3-1.20.1-net.fabricmc.yarn.1_20_1.1.20.1+build.10-v2.jar:?]
	at net.fabricmc.loader.impl.game.minecraft.MinecraftGameProvider.launch(MinecraftGameProvider.java:514) ~[fabric-loader-0.19.3.jar:?]
	at net.fabricmc.loader.impl.launch.knot.Knot.launch(Knot.java:72) ~[fabric-loader-0.19.3.jar:?]
	at net.fabricmc.loader.impl.launch.knot.KnotClient.main(KnotClient.java:23) ~[fabric-loader-0.19.3.jar:?]
	at net.fabricmc.devlaunchinjector.Main.main(Main.java:86) ~[dev-launch-injector-0.2.1+build.8.jar:?]
	at dev.architectury.transformer.TransformerRuntime.main(TransformerRuntime.java:220) ~[architectury-transformer-5.2.91-runtime.jar:?]
Caused by: com.mojang.authlib.exceptions.MinecraftClientHttpException: Status: 401
	at com.mojang.authlib.minecraft.client.MinecraftClient.readInputStream(MinecraftClient.java:85) ~[authlib-4.0.43.jar:?]
	at com.mojang.authlib.minecraft.client.MinecraftClient.get(MinecraftClient.java:48) ~[authlib-4.0.43.jar:?]
	at com.mojang.authlib.yggdrasil.YggdrasilUserApiService.fetchProperties(YggdrasilUserApiService.java:129) ~[authlib-4.0.43.jar:?]
	... 10 more
[16:48:48] [Render thread/INFO] (Minecraft) Setting user: Player960
[16:48:49] [Render thread/INFO] (NetworkManagerImpl) Registering C2S receiver with id yunbeiuc:update_road_poles_text
[16:48:49] [Render thread/INFO] (NetworkManagerImpl) Registering C2S receiver with id yunbeiuc:update_flag
[16:48:49] [Render thread/INFO] (NetworkManagerImpl) Registering C2S receiver with id yunbeiuc:update_road_name_sign
[16:48:49] [Render thread/INFO] (NetworkManagerImpl) Registering C2S receiver with id yunbeiuc:update_sign_guide_intersection_advance_warning_1_wuhan
[16:48:49] [Render thread/INFO] (NetworkManagerImpl) Registering C2S receiver with id yunbeiuc:update_sign_guide_intersection_advance_warning_1
[16:48:49] [Render thread/INFO] (NetworkManagerImpl) Registering C2S receiver with id yunbeiuc:update_sign_guide_intersection_advance_warning_3
[16:48:49] [Render thread/INFO] (NetworkManagerImpl) Registering C2S receiver with id yunbeiuc:update_sign_guide_intersection_advance_warning_5
[16:48:49] [Render thread/INFO] (NetworkManagerImpl) Registering C2S receiver with id yunbeiuc:update_sign_guide_intersection_advance_warning_6
[16:48:49] [Render thread/INFO] (NetworkManagerImpl) Registering C2S receiver with id yunbeiuc:update_sign_guide_intersection_advance_warning_7
[16:48:49] [Render thread/INFO] (NetworkManagerImpl) Registering C2S receiver with id yunbeiuc:update_sign_guide_intersection_warning_1
[16:48:49] [Render thread/INFO] (NetworkManagerImpl) Registering C2S receiver with id yunbeiuc:update_sign_guide_intersection_warning_4
[16:48:49] [Render thread/INFO] (NetworkManagerImpl) Registering C2S receiver with id yunbeiuc:update_sign_guide_confirmation_1
[16:48:49] [Render thread/INFO] (NetworkManagerImpl) Registering C2S receiver with id yunbeiuc:update_sign_guide_lane_indicator_1
[16:48:49] [Render thread/INFO] (NetworkManagerImpl) Registering C2S receiver with id yunbeiuc:update_sign_guide_roadsid_facility_overload_checkpoint_1
[16:48:49] [Render thread/INFO] (NetworkManagerImpl) Registering C2S receiver with id yunbeiuc:update_sign_expressway_entrance_advance_1
[16:48:49] [Render thread/INFO] (NetworkManagerImpl) Registering C2S receiver with id yunbeiuc:update_sign_expressway_entrance_advance_4
[16:48:49] [Render thread/INFO] (NetworkManagerImpl) Registering C2S receiver with id yunbeiuc:update_sign_expressway_entrance_advance_7
[16:48:49] [Render thread/INFO] (NetworkManagerImpl) Registering C2S receiver with id yunbeiuc:update_sign_expressway_entrance_advance_10
[16:48:49] [Render thread/INFO] (NetworkManagerImpl) Registering C2S receiver with id yunbeiuc:update_sign_expressway_entrance_advance_13
[16:48:49] [Render thread/INFO] (NetworkManagerImpl) Registering C2S receiver with id yunbeiuc:update_sign_expressway_direction_1
[16:48:49] [Render thread/INFO] (NetworkManagerImpl) Registering C2S receiver with id yunbeiuc:update_sign_expressway_direction_3
[16:48:49] [Render thread/INFO] (NetworkManagerImpl) Registering C2S receiver with id yunbeiuc:update_sign_expressway_direction_5
[16:48:49] [Render thread/INFO] (NetworkManagerImpl) Registering C2S receiver with id yunbeiuc:update_sign_expressway_exit_8
[16:48:49] [Render thread/INFO] (NetworkManagerImpl) Registering C2S receiver with id yunbeiuc:update_zone_board_1
[16:48:49] [Render thread/INFO] (NetworkManagerImpl) Registering C2S receiver with id yunbeiuc:update_zone_board_image
[16:48:49] [Render thread/INFO] (NetworkManagerImpl) Registering C2S receiver with id yunbeiuc:update_zone_board_time_range_1
[16:48:49] [Render thread/INFO] (NetworkManagerImpl) Registering C2S receiver with id yunbeiuc:update_zone_board_time_range_2
[16:48:49] [Render thread/INFO] (NetworkManagerImpl) Registering C2S receiver with id yunbeiuc:update_zone_board_over_weight
[16:48:49] [Render thread/INFO] (yunbeiuc) Yunbei Urban Construction has finished loading
[16:48:50] [Render thread/INFO] (NetworkManagerImpl) Registering S2C receiver with id architectury:spawn_entity_packet
[16:48:50] [Render thread/INFO] (Indigo) [Indigo] Registering Indigo renderer!
[16:48:50] [Render thread/INFO] (IconRenderer) Loaded IconRenderer.
[16:48:51] [Worker-Main-1/INFO] (Mod Menu/Update Checker) Checking mod updates...
[16:48:51] [Render thread/INFO] (Minecraft) Backend library: LWJGL version 3.3.2-snapshot
[16:48:59] [Render thread/INFO] (Minecraft) Reloading ResourceManager: vanilla, fabric (fabric-models-v0, fabric-registry-sync-v0, fabric-api, fabric-client-tags-api-v1, fabric-rendering-fluids-v1, fabric-data-generation-api-v1, fabric-commands-v0, fabric-networking-api-v1, fabric-transfer-api-v1, fabric-biome-api-v1, fabric-blockrenderlayer-v1, fabric-renderer-registries-v1, fabric-containers-v0, fabric-lifecycle-events-v1, fabric-convention-tags-v1, fabric-model-loading-api-v1, fabric-content-registries-v0, fabric-screen-api-v1, fabric-renderer-indigo, fabric-entity-events-v1, fabric-game-rule-api-v1, fabric-message-api-v1, fabric-block-api-v1, fabric-loot-api-v2, fabric-key-binding-api-v1, fabric-mining-level-api-v1, fabric-rendering-v0, fabric-data-attachment-api-v1, iconr, fabric-events-lifecycle-v0, fabric-sound-api-v1, fabric-transitive-access-wideners-v1, fabric-resource-loader-v0, fabric-keybindings-v0, fabric-dimensions-v1, fabric-item-api-v1, fabric-renderer-api-v1, fabric-rendering-data-attachment-v1, fabric-api-lookup-api-v1, fabric-command-api-v2, fabric-particles-v1, fabric-networking-v0, fabric-rendering-v1, fabric-events-interaction-v0, fabric-block-view-api-v2, fabric-gametest-api-v1, fabric-screen-handler-api-v1, generated_814b5a0, fabric-api-base, fabric-object-builder-api-v1, modmenu, fabric-command-api-v1, fabric-recipe-api-v1, fabric-item-group-api-v1, fabric-crash-report-info-v1, fabricloader, fabric-loot-tables-v1, fabric-resource-conditions-api-v1)
[16:49:00] [Worker-Main-12/INFO] (Minecraft) Found unifont_all_no_pua-15.0.06.hex, loading
[16:49:01] [Realms Notification Availability checker #1/INFO] (Minecraft) Could not authorize you against Realms server: java.lang.RuntimeException: Failed to parse into SignedJWT: FabricMC
[16:49:02] [Worker-Main-3/WARN] (Minecraft) Texture yunbeiuc:block/flags/wuxi_12 with size 375x1000 limits mip level from 4 to 0
[16:49:02] [Worker-Main-3/WARN] (Minecraft) minecraft:textures/atlas/blocks.png: dropping miplevel from 4 to 0, because of minimum power of two: 1
[16:49:07] [Worker-Main-9/WARN] (Minecraft) Unable to load model: 'yunbeiuc:block/sign/pole_h/sign_expressway_direction_2' referenced from: yunbeiuc:sign_expressway_direction_2#facing=north,type=pole_l: java.io.FileNotFoundException: yunbeiuc:models/block/sign/pole_h/sign_expressway_direction_2.json
[16:49:07] [Worker-Main-9/WARN] (Minecraft) Unable to load model: 'yunbeiuc:block/sign/pole_l/sign_expressway_direction_2' referenced from: yunbeiuc:sign_expressway_direction_2#facing=north,type=pole_l: java.io.FileNotFoundException: yunbeiuc:models/block/sign/pole_l/sign_expressway_direction_2.json
[16:49:07] [Worker-Main-9/WARN] (Minecraft) Unable to load model: 'yunbeiuc:block/sign/pole_h/sign_expressway_direction_3' referenced from: yunbeiuc:sign_expressway_direction_3#facing=north,type=pole_l: java.io.FileNotFoundException: yunbeiuc:models/block/sign/pole_h/sign_expressway_direction_3.json
[16:49:07] [Worker-Main-9/WARN] (Minecraft) Unable to load model: 'yunbeiuc:block/sign/pole_l/sign_expressway_direction_3' referenced from: yunbeiuc:sign_expressway_direction_3#facing=north,type=pole_l: java.io.FileNotFoundException: yunbeiuc:models/block/sign/pole_l/sign_expressway_direction_3.json
[16:49:07] [Worker-Main-9/WARN] (Minecraft) Unable to load model: 'yunbeiuc:block/sign/pole_h/sign_expressway_direction_4' referenced from: yunbeiuc:sign_expressway_direction_4#facing=north,type=pole_l: java.io.FileNotFoundException: yunbeiuc:models/block/sign/pole_h/sign_expressway_direction_4.json
[16:49:07] [Worker-Main-9/WARN] (Minecraft) Unable to load model: 'yunbeiuc:block/sign/pole_l/sign_expressway_direction_4' referenced from: yunbeiuc:sign_expressway_direction_4#facing=north,type=pole_l: java.io.FileNotFoundException: yunbeiuc:models/block/sign/pole_l/sign_expressway_direction_4.json
[16:49:07] [Worker-Main-9/WARN] (Minecraft) Unable to load model: 'yunbeiuc:block/sign/pole_h/sign_expressway_direction_5' referenced from: yunbeiuc:sign_expressway_direction_5#facing=north,type=pole_l: java.io.FileNotFoundException: yunbeiuc:models/block/sign/pole_h/sign_expressway_direction_5.json
[16:49:07] [Worker-Main-9/WARN] (Minecraft) Unable to load model: 'yunbeiuc:block/sign/pole_l/sign_expressway_direction_5' referenced from: yunbeiuc:sign_expressway_direction_5#facing=north,type=pole_l: java.io.FileNotFoundException: yunbeiuc:models/block/sign/pole_l/sign_expressway_direction_5.json
[16:49:07] [Worker-Main-9/WARN] (Minecraft) Unable to load model: 'yunbeiuc:block/sign/pole_h/sign_expressway_direction_6' referenced from: yunbeiuc:sign_expressway_direction_6#facing=north,type=pole_l: java.io.FileNotFoundException: yunbeiuc:models/block/sign/pole_h/sign_expressway_direction_6.json
[16:49:07] [Worker-Main-9/WARN] (Minecraft) Unable to load model: 'yunbeiuc:block/sign/pole_l/sign_expressway_direction_6' referenced from: yunbeiuc:sign_expressway_direction_6#facing=north,type=pole_l: java.io.FileNotFoundException: yunbeiuc:models/block/sign/pole_l/sign_expressway_direction_6.json
[16:49:11] [Render thread/WARN] (Minecraft) Missing sound for event: minecraft:item.goat_horn.play
[16:49:11] [Render thread/WARN] (Minecraft) Missing sound for event: minecraft:entity.goat.screaming.horn_break
[16:49:12] [Render thread/INFO] (Minecraft) OpenAL initialized on device OpenAL Soft on 耳机 (小米 Air4 SE)
[16:49:12] [Render thread/INFO] (Minecraft) Sound engine started
[16:49:12] [Render thread/INFO] (Minecraft) Created: 8192x8192x0 minecraft:textures/atlas/blocks.png-atlas
[16:49:13] [Render thread/INFO] (Minecraft) Created: 256x256x4 minecraft:textures/atlas/signs.png-atlas
[16:49:13] [Render thread/INFO] (Minecraft) Created: 512x512x4 minecraft:textures/atlas/shield_patterns.png-atlas
[16:49:13] [Render thread/INFO] (Minecraft) Created: 512x512x4 minecraft:textures/atlas/banner_patterns.png-atlas
[16:49:13] [Render thread/INFO] (Minecraft) Created: 1024x1024x4 minecraft:textures/atlas/armor_trims.png-atlas
[16:49:14] [Render thread/INFO] (Minecraft) Created: 128x64x4 minecraft:textures/atlas/decorated_pot.png-atlas
[16:49:14] [Render thread/INFO] (Minecraft) Created: 256x256x4 minecraft:textures/atlas/chest.png-atlas
[16:49:14] [Render thread/INFO] (Minecraft) Created: 512x256x4 minecraft:textures/atlas/beds.png-atlas
[16:49:14] [Render thread/INFO] (Minecraft) Created: 512x256x4 minecraft:textures/atlas/shulker_boxes.png-atlas
[16:49:15] [Render thread/WARN] (Minecraft) Shader rendertype_entity_translucent_emissive could not find sampler named Sampler2 in the specified shader program.
[16:49:15] [Render thread/INFO] (Minecraft) Created: 256x256x0 minecraft:textures/atlas/particles.png-atlas
[16:49:16] [Render thread/INFO] (Minecraft) Created: 256x256x0 minecraft:textures/atlas/paintings.png-atlas
[16:49:16] [Render thread/INFO] (Minecraft) Created: 128x128x0 minecraft:textures/atlas/mob_effects.png-atlas
[16:49:16] [Render thread/INFO] (Minecraft) [STDOUT]: 加载旗帜: wuxi_1 | 命名空间: yunbeiuc | 纹理: yunbeiuc:textures/block/flags/wuxi_1.png
[16:49:16] [Render thread/INFO] (Minecraft) [STDOUT]: 加载旗帜: wuxi_2 | 命名空间: yunbeiuc | 纹理: yunbeiuc:textures/block/flags/wuxi_2.png
[16:49:16] [Render thread/INFO] (Minecraft) [STDOUT]: 加载旗帜: wuxi_3 | 命名空间: yunbeiuc | 纹理: yunbeiuc:textures/block/flags/wuxi_3.png
[16:49:16] [Render thread/INFO] (Minecraft) [STDOUT]: 加载旗帜: wuxi_4 | 命名空间: yunbeiuc | 纹理: yunbeiuc:textures/block/flags/wuxi_4.png
[16:49:16] [Render thread/INFO] (Minecraft) [STDOUT]: 加载旗帜: wuxi_5 | 命名空间: yunbeiuc | 纹理: yunbeiuc:textures/block/flags/wuxi_5.png
[16:49:16] [Render thread/INFO] (Minecraft) [STDOUT]: 加载旗帜: wuxi_6 | 命名空间: yunbeiuc | 纹理: yunbeiuc:textures/block/flags/wuxi_6.png
[16:49:16] [Render thread/INFO] (Minecraft) [STDOUT]: 加载旗帜: wuxi_7 | 命名空间: yunbeiuc | 纹理: yunbeiuc:textures/block/flags/wuxi_7.png
[16:49:16] [Render thread/INFO] (Minecraft) [STDOUT]: 加载旗帜: wuxi_8 | 命名空间: yunbeiuc | 纹理: yunbeiuc:textures/block/flags/wuxi_8.png
[16:49:16] [Render thread/INFO] (Minecraft) [STDOUT]: 加载旗帜: wuxi_9 | 命名空间: yunbeiuc | 纹理: yunbeiuc:textures/block/flags/wuxi_9.png
[16:49:16] [Render thread/INFO] (Minecraft) [STDOUT]: 加载旗帜: wuxi_10 | 命名空间: yunbeiuc | 纹理: yunbeiuc:textures/block/flags/wuxi_10.png
[16:49:16] [Render thread/INFO] (Minecraft) [STDOUT]: 加载旗帜: wuxi_11 | 命名空间: yunbeiuc | 纹理: yunbeiuc:textures/block/flags/wuxi_11.png
[16:49:16] [Render thread/INFO] (Minecraft) [STDOUT]: 加载旗帜: wuxi_12 | 命名空间: yunbeiuc | 纹理: yunbeiuc:textures/block/flags/wuxi_12.png
[16:49:16] [Render thread/INFO] (Minecraft) [STDOUT]: 加载旗帜: wuxi_13 | 命名空间: yunbeiuc | 纹理: yunbeiuc:textures/block/flags/wuxi_13.png
[16:49:16] [Render thread/INFO] (Minecraft) [STDOUT]: 加载旗帜: wuxi_14 | 命名空间: yunbeiuc | 纹理: yunbeiuc:textures/block/flags/wuxi_14.png
[16:49:16] [Render thread/INFO] (Minecraft) [STDOUT]: 加载旗帜: wuxi_15 | 命名空间: yunbeiuc | 纹理: yunbeiuc:textures/block/flags/wuxi_15.png
[16:49:16] [Render thread/INFO] (Minecraft) [STDOUT]: 加载旗帜: wuxi_16 | 命名空间: yunbeiuc | 纹理: yunbeiuc:textures/block/flags/wuxi_16.png
[16:49:16] [Render thread/INFO] (Minecraft) [STDOUT]: 加载旗帜: wuxi_17 | 命名空间: yunbeiuc | 纹理: yunbeiuc:textures/block/flags/wuxi_17.png
[16:49:16] [Render thread/INFO] (Minecraft) [STDOUT]: 加载旗帜: wuxi_18 | 命名空间: yunbeiuc | 纹理: yunbeiuc:textures/block/flags/wuxi_18.png
[16:49:16] [Render thread/INFO] (Minecraft) [STDOUT]: 加载旗帜: wuxi_19 | 命名空间: yunbeiuc | 纹理: yunbeiuc:textures/block/flags/wuxi_19.png
[16:49:16] [Render thread/INFO] (Minecraft) [STDOUT]: 加载旗帜: wuxi_20 | 命名空间: yunbeiuc | 纹理: yunbeiuc:textures/block/flags/wuxi_20.png
[16:49:16] [Render thread/INFO] (Minecraft) [STDOUT]: 加载旗帜: wuxi_21 | 命名空间: yunbeiuc | 纹理: yunbeiuc:textures/block/flags/wuxi_21.png
[16:49:16] [Render thread/INFO] (Minecraft) [STDOUT]: 加载旗帜: wuxi_22 | 命名空间: yunbeiuc | 纹理: yunbeiuc:textures/block/flags/wuxi_22.png
[16:49:16] [Render thread/INFO] (Minecraft) [STDOUT]: 加载旗帜: wuxi_23 | 命名空间: yunbeiuc | 纹理: yunbeiuc:textures/block/flags/wuxi_23.png
[16:49:16] [Render thread/INFO] (Minecraft) [STDOUT]: 加载旗帜: wuxi_24 | 命名空间: yunbeiuc | 纹理: yunbeiuc:textures/block/flags/wuxi_24.png
[16:49:16] [Render thread/INFO] (Minecraft) [STDOUT]: 加载旗帜: wuxi_25 | 命名空间: yunbeiuc | 纹理: yunbeiuc:textures/block/flags/wuxi_25.png
[16:49:16] [Render thread/INFO] (Minecraft) [STDOUT]: 加载旗帜: wuxi_26 | 命名空间: yunbeiuc | 纹理: yunbeiuc:textures/block/flags/wuxi_26.png
[16:49:16] [Render thread/INFO] (Minecraft) [STDOUT]: 加载旗帜: wuxi_27 | 命名空间: yunbeiuc | 纹理: yunbeiuc:textures/block/flags/wuxi_27.png
[16:49:16] [Render thread/INFO] (Minecraft) [STDOUT]: 加载旗帜: wuxi_28 | 命名空间: yunbeiuc | 纹理: yunbeiuc:textures/block/flags/wuxi_28.png
[16:49:16] [Render thread/INFO] (Minecraft) [STDOUT]: 加载旗帜: wuxi_29 | 命名空间: yunbeiuc | 纹理: yunbeiuc:textures/block/flags/wuxi_29.png
[16:49:16] [Render thread/INFO] (Minecraft) [STDOUT]: 旗帜加载完成，共 29 个旗帜
[16:49:41] [Render thread/INFO] (Minecraft) Loaded 7 recipes
[16:49:42] [Render thread/INFO] (Minecraft) Loaded 1271 advancements
[16:49:43] [Render thread/INFO] (BiomeModificationImpl) Applied 0 biome modifications to 0 of 64 new biomes in 6.424 ms
[16:49:43] [Server thread/INFO] (Minecraft) Starting integrated minecraft server version 1.20.1
[16:49:43] [Server thread/INFO] (Minecraft) Generating keypair
[16:49:44] [Server thread/INFO] (Minecraft) [STDOUT]: World loaded: minecraft:overworld - Traffic light manager initialized
[16:49:44] [Server thread/INFO] (Minecraft) [STDOUT]: World loaded: minecraft:the_end - Traffic light manager initialized
[16:49:44] [Server thread/INFO] (Minecraft) [STDOUT]: World loaded: minecraft:the_nether - Traffic light manager initialized
[16:49:44] [Server thread/INFO] (Minecraft) Preparing start region for dimension minecraft:overworld
[16:50:05] [Render thread/INFO] (Minecraft) 准备生成区域中：0%
[16:50:05] [Render thread/INFO] (Minecraft) 准备生成区域中：0%
[16:50:05] [Render thread/INFO] (Minecraft) 准备生成区域中：0%
[16:50:05] [Render thread/INFO] (Minecraft) 准备生成区域中：0%
[16:50:05] [Render thread/INFO] (Minecraft) 准备生成区域中：0%
[16:50:05] [Render thread/INFO] (Minecraft) 准备生成区域中：0%
[16:50:05] [Render thread/INFO] (Minecraft) 准备生成区域中：0%
[16:50:05] [Render thread/INFO] (Minecraft) 准备生成区域中：0%
[16:50:05] [Render thread/INFO] (Minecraft) 准备生成区域中：0%
[16:50:05] [Render thread/INFO] (Minecraft) 准备生成区域中：0%
[16:50:05] [Render thread/INFO] (Minecraft) 准备生成区域中：0%
[16:50:05] [Render thread/INFO] (Minecraft) 准备生成区域中：0%
[16:50:05] [Render thread/INFO] (Minecraft) 准备生成区域中：0%
[16:50:05] [Render thread/INFO] (Minecraft) 准备生成区域中：0%
[16:50:05] [Render thread/INFO] (Minecraft) 准备生成区域中：0%
[16:50:05] [Render thread/INFO] (Minecraft) 准备生成区域中：0%
[16:50:05] [Render thread/INFO] (Minecraft) 准备生成区域中：0%
[16:50:05] [Render thread/INFO] (Minecraft) 准备生成区域中：0%
[16:50:05] [Render thread/INFO] (Minecraft) 准备生成区域中：0%
[16:50:05] [Render thread/INFO] (Minecraft) 准备生成区域中：0%
[16:50:05] [Render thread/INFO] (Minecraft) 准备生成区域中：0%
[16:50:05] [Render thread/INFO] (Minecraft) 准备生成区域中：0%
[16:50:05] [Render thread/INFO] (Minecraft) 准备生成区域中：0%
[16:50:05] [Render thread/INFO] (Minecraft) 准备生成区域中：0%
[16:50:05] [Render thread/INFO] (Minecraft) 准备生成区域中：0%
[16:50:05] [Render thread/INFO] (Minecraft) 准备生成区域中：0%
[16:50:05] [Render thread/INFO] (Minecraft) 准备生成区域中：0%
[16:50:05] [Render thread/INFO] (Minecraft) 准备生成区域中：0%
[16:50:05] [Render thread/INFO] (Minecraft) 准备生成区域中：0%
[16:50:05] [Render thread/INFO] (Minecraft) 准备生成区域中：0%
[16:50:05] [Render thread/INFO] (Minecraft) 准备生成区域中：0%
[16:50:05] [Render thread/INFO] (Minecraft) 准备生成区域中：0%
[16:50:05] [Render thread/INFO] (Minecraft) 准备生成区域中：0%
[16:50:05] [Render thread/INFO] (Minecraft) 准备生成区域中：0%
[16:50:05] [Render thread/INFO] (Minecraft) 准备生成区域中：0%
[16:50:05] [Render thread/INFO] (Minecraft) 准备生成区域中：0%
[16:50:05] [Render thread/INFO] (Minecraft) 准备生成区域中：0%
[16:50:05] [Render thread/INFO] (Minecraft) 准备生成区域中：0%
[16:50:05] [Render thread/INFO] (Minecraft) 准备生成区域中：0%
[16:50:05] [Render thread/INFO] (Minecraft) 准备生成区域中：0%
[16:50:05] [Render thread/INFO] (Minecraft) 准备生成区域中：0%
[16:50:05] [Render thread/INFO] (Minecraft) 准备生成区域中：0%
[16:50:05] [Render thread/INFO] (Minecraft) 准备生成区域中：0%
[16:50:06] [Render thread/INFO] (Minecraft) 准备生成区域中：0%
[16:50:06] [Render thread/INFO] (Minecraft) 准备生成区域中：3%
[16:50:07] [Render thread/INFO] (Minecraft) 准备生成区域中：10%
[16:50:07] [Render thread/INFO] (Minecraft) 准备生成区域中：15%
[16:50:08] [Render thread/INFO] (Minecraft) 准备生成区域中：24%
[16:50:08] [Render thread/INFO] (Minecraft) 准备生成区域中：32%
[16:50:09] [Render thread/INFO] (Minecraft) 准备生成区域中：40%
[16:50:09] [Render thread/INFO] (Minecraft) 准备生成区域中：48%
[16:50:10] [Render thread/INFO] (Minecraft) 准备生成区域中：55%
[16:50:10] [Render thread/INFO] (Minecraft) 准备生成区域中：63%
[16:50:11] [Render thread/INFO] (Minecraft) 准备生成区域中：72%
[16:50:11] [Render thread/INFO] (Minecraft) 准备生成区域中：76%
[16:50:12] [Render thread/INFO] (Minecraft) 准备生成区域中：83%
[16:50:12] [Render thread/INFO] (Minecraft) 准备生成区域中：84%
[16:50:13] [Render thread/INFO] (Minecraft) 准备生成区域中：86%
[16:50:13] [Render thread/INFO] (Minecraft) 准备生成区域中：87%
[16:50:14] [Render thread/INFO] (Minecraft) 准备生成区域中：89%
[16:50:14] [Render thread/INFO] (Minecraft) 准备生成区域中：94%
[16:50:15] [Render thread/INFO] (Minecraft) Time elapsed: 30514 ms
[16:50:16] [Server thread/INFO] (Minecraft) Changing view distance to 12, from 10
[16:50:16] [Server thread/INFO] (Minecraft) Changing simulation distance to 12, from 0
[16:50:19] [Server thread/INFO] (Minecraft) Player960[local:E:febfb88c] logged in with entity id 107 at (-65.47736289870687, -60.0, -85.84869628503526)
[16:50:19] [Server thread/INFO] (Minecraft) Player960加入了游戏
[16:50:20] [Server thread/WARN] (Minecraft) Can't keep up! Is the server overloaded? Running 2410ms or 48 ticks behind
[16:50:22] [Render thread/INFO] (Minecraft) Loaded 7 advancements
[16:50:23] [Server thread/INFO] (Minecraft) Saving and pausing game...
[16:50:23] [Server thread/INFO] (Minecraft) Saving chunks for level 'ServerLevel[新的世界]'/minecraft:overworld
[16:50:27] [Server thread/INFO] (Minecraft) Saving chunks for level 'ServerLevel[新的世界]'/minecraft:the_end
[16:50:27] [Server thread/INFO] (Minecraft) Saving chunks for level 'ServerLevel[新的世界]'/minecraft:the_nether
[16:51:32] [Server thread/INFO] (Minecraft) Saving and pausing game...
[16:51:32] [Server thread/INFO] (Minecraft) Saving chunks for level 'ServerLevel[新的世界]'/minecraft:overworld
[16:51:32] [Server thread/INFO] (Minecraft) Saving chunks for level 'ServerLevel[新的世界]'/minecraft:the_end
[16:51:32] [Server thread/INFO] (Minecraft) Saving chunks for level 'ServerLevel[新的世界]'/minecraft:the_nether
[16:59:33] [Render thread/INFO] (Minecraft) [System] [CHAT] [调试]： 判定箱：显示
[16:59:39] [Render thread/INFO] (Minecraft) [System] [CHAT] [调试]： 判定箱：隐藏
[16:59:43] [Server thread/INFO] (Minecraft) Saving and pausing game...
[16:59:43] [Server thread/INFO] (Minecraft) Saving chunks for level 'ServerLevel[新的世界]'/minecraft:overworld
[16:59:43] [Server thread/INFO] (Minecraft) Saving chunks for level 'ServerLevel[新的世界]'/minecraft:the_end
[16:59:43] [Server thread/INFO] (Minecraft) Saving chunks for level 'ServerLevel[新的世界]'/minecraft:the_nether
[17:00:37] [Server thread/INFO] (Minecraft) Saving and pausing game...
[17:00:37] [Server thread/INFO] (Minecraft) Saving chunks for level 'ServerLevel[新的世界]'/minecraft:overworld
[17:00:37] [Server thread/INFO] (Minecraft) Saving chunks for level 'ServerLevel[新的世界]'/minecraft:the_end
[17:00:37] [Server thread/INFO] (Minecraft) Saving chunks for level 'ServerLevel[新的世界]'/minecraft:the_nether
[17:00:49] [Render thread/INFO] (Minecraft) [System] [CHAT] [调试]： 已重新加载资源包
[17:00:49] [Render thread/INFO] (Minecraft) Reloading ResourceManager: vanilla, fabric (fabric-models-v0, fabric-registry-sync-v0, fabric-api, fabric-client-tags-api-v1, fabric-rendering-fluids-v1, fabric-data-generation-api-v1, fabric-commands-v0, fabric-networking-api-v1, fabric-transfer-api-v1, fabric-biome-api-v1, fabric-blockrenderlayer-v1, fabric-renderer-registries-v1, fabric-containers-v0, fabric-lifecycle-events-v1, fabric-convention-tags-v1, fabric-model-loading-api-v1, fabric-content-registries-v0, fabric-screen-api-v1, fabric-renderer-indigo, fabric-entity-events-v1, fabric-game-rule-api-v1, fabric-message-api-v1, fabric-block-api-v1, fabric-loot-api-v2, fabric-key-binding-api-v1, fabric-mining-level-api-v1, fabric-rendering-v0, fabric-data-attachment-api-v1, iconr, fabric-events-lifecycle-v0, fabric-sound-api-v1, fabric-transitive-access-wideners-v1, fabric-resource-loader-v0, fabric-keybindings-v0, fabric-dimensions-v1, fabric-item-api-v1, fabric-renderer-api-v1, fabric-rendering-data-attachment-v1, fabric-api-lookup-api-v1, fabric-command-api-v2, fabric-particles-v1, fabric-networking-v0, fabric-rendering-v1, fabric-events-interaction-v0, fabric-block-view-api-v2, fabric-gametest-api-v1, fabric-screen-handler-api-v1, generated_814b5a0, fabric-api-base, fabric-object-builder-api-v1, modmenu, fabric-command-api-v1, fabric-recipe-api-v1, fabric-item-group-api-v1, fabric-crash-report-info-v1, fabricloader, fabric-loot-tables-v1, fabric-resource-conditions-api-v1)
[17:00:49] [Server thread/INFO] (Minecraft) Saving and pausing game...
[17:00:49] [Worker-Main-22/INFO] (Minecraft) Found unifont_all_no_pua-15.0.06.hex, loading
[17:00:49] [Server thread/INFO] (Minecraft) Saving chunks for level 'ServerLevel[新的世界]'/minecraft:overworld
[17:00:49] [Server thread/INFO] (Minecraft) Saving chunks for level 'ServerLevel[新的世界]'/minecraft:the_end
[17:00:49] [Server thread/INFO] (Minecraft) Saving chunks for level 'ServerLevel[新的世界]'/minecraft:the_nether
[17:00:51] [Worker-Main-12/WARN] (Minecraft) Texture yunbeiuc:block/flags/wuxi_12 with size 375x1000 limits mip level from 4 to 0
[17:00:51] [Worker-Main-12/WARN] (Minecraft) minecraft:textures/atlas/blocks.png: dropping miplevel from 4 to 0, because of minimum power of two: 1
[17:00:54] [Worker-Main-1/WARN] (Minecraft) Unable to load model: 'yunbeiuc:block/sign/pole_h/sign_expressway_direction_2' referenced from: yunbeiuc:sign_expressway_direction_2#facing=north,type=pole_l: java.io.FileNotFoundException: yunbeiuc:models/block/sign/pole_h/sign_expressway_direction_2.json
[17:00:54] [Worker-Main-1/WARN] (Minecraft) Unable to load model: 'yunbeiuc:block/sign/pole_l/sign_expressway_direction_2' referenced from: yunbeiuc:sign_expressway_direction_2#facing=north,type=pole_l: java.io.FileNotFoundException: yunbeiuc:models/block/sign/pole_l/sign_expressway_direction_2.json
[17:00:54] [Worker-Main-1/WARN] (Minecraft) Unable to load model: 'yunbeiuc:block/sign/pole_h/sign_expressway_direction_3' referenced from: yunbeiuc:sign_expressway_direction_3#facing=north,type=pole_l: java.io.FileNotFoundException: yunbeiuc:models/block/sign/pole_h/sign_expressway_direction_3.json
[17:00:54] [Worker-Main-1/WARN] (Minecraft) Unable to load model: 'yunbeiuc:block/sign/pole_l/sign_expressway_direction_3' referenced from: yunbeiuc:sign_expressway_direction_3#facing=north,type=pole_l: java.io.FileNotFoundException: yunbeiuc:models/block/sign/pole_l/sign_expressway_direction_3.json
[17:00:54] [Worker-Main-1/WARN] (Minecraft) Unable to load model: 'yunbeiuc:block/sign/pole_h/sign_expressway_direction_4' referenced from: yunbeiuc:sign_expressway_direction_4#facing=north,type=pole_l: java.io.FileNotFoundException: yunbeiuc:models/block/sign/pole_h/sign_expressway_direction_4.json
[17:00:54] [Worker-Main-1/WARN] (Minecraft) Unable to load model: 'yunbeiuc:block/sign/pole_l/sign_expressway_direction_4' referenced from: yunbeiuc:sign_expressway_direction_4#facing=north,type=pole_l: java.io.FileNotFoundException: yunbeiuc:models/block/sign/pole_l/sign_expressway_direction_4.json
[17:00:54] [Worker-Main-1/WARN] (Minecraft) Unable to load model: 'yunbeiuc:block/sign/pole_h/sign_expressway_direction_5' referenced from: yunbeiuc:sign_expressway_direction_5#facing=north,type=pole_l: java.io.FileNotFoundException: yunbeiuc:models/block/sign/pole_h/sign_expressway_direction_5.json
[17:00:54] [Worker-Main-1/WARN] (Minecraft) Unable to load model: 'yunbeiuc:block/sign/pole_l/sign_expressway_direction_5' referenced from: yunbeiuc:sign_expressway_direction_5#facing=north,type=pole_l: java.io.FileNotFoundException: yunbeiuc:models/block/sign/pole_l/sign_expressway_direction_5.json
[17:00:54] [Worker-Main-1/WARN] (Minecraft) Unable to load model: 'yunbeiuc:block/sign/pole_h/sign_expressway_direction_6' referenced from: yunbeiuc:sign_expressway_direction_6#facing=north,type=pole_l: java.io.FileNotFoundException: yunbeiuc:models/block/sign/pole_h/sign_expressway_direction_6.json
[17:00:54] [Worker-Main-1/WARN] (Minecraft) Unable to load model: 'yunbeiuc:block/sign/pole_l/sign_expressway_direction_6' referenced from: yunbeiuc:sign_expressway_direction_6#facing=north,type=pole_l: java.io.FileNotFoundException: yunbeiuc:models/block/sign/pole_l/sign_expressway_direction_6.json
[17:00:59] [Render thread/WARN] (Minecraft) Missing sound for event: minecraft:item.goat_horn.play
[17:00:59] [Render thread/WARN] (Minecraft) Missing sound for event: minecraft:entity.goat.screaming.horn_break
[17:00:59] [Render thread/INFO] (Minecraft) OpenAL initialized on device OpenAL Soft on 耳机 (小米 Air4 SE)
[17:00:59] [Render thread/INFO] (Minecraft) Sound engine started
[17:01:00] [Render thread/INFO] (Minecraft) Created: 8192x8192x0 minecraft:textures/atlas/blocks.png-atlas
[17:01:03] [Render thread/INFO] (Minecraft) Created: 256x256x4 minecraft:textures/atlas/signs.png-atlas
[17:01:03] [Render thread/INFO] (Minecraft) Created: 512x512x4 minecraft:textures/atlas/shield_patterns.png-atlas
[17:01:03] [Render thread/INFO] (Minecraft) Created: 512x512x4 minecraft:textures/atlas/banner_patterns.png-atlas
[17:01:03] [Render thread/INFO] (Minecraft) Created: 1024x1024x4 minecraft:textures/atlas/armor_trims.png-atlas
[17:01:03] [Render thread/INFO] (Minecraft) Created: 128x64x4 minecraft:textures/atlas/decorated_pot.png-atlas
[17:01:03] [Render thread/INFO] (Minecraft) Created: 256x256x4 minecraft:textures/atlas/chest.png-atlas
[17:01:03] [Render thread/INFO] (Minecraft) Created: 512x256x4 minecraft:textures/atlas/beds.png-atlas
[17:01:03] [Render thread/INFO] (Minecraft) Created: 512x256x4 minecraft:textures/atlas/shulker_boxes.png-atlas
[17:01:03] [Render thread/WARN] (Minecraft) Shader rendertype_entity_translucent_emissive could not find sampler named Sampler2 in the specified shader program.
[17:01:04] [Render thread/INFO] (Minecraft) Created: 256x256x0 minecraft:textures/atlas/particles.png-atlas
[17:01:04] [Render thread/INFO] (Minecraft) Created: 256x256x0 minecraft:textures/atlas/paintings.png-atlas
[17:01:04] [Render thread/INFO] (Minecraft) Created: 128x128x0 minecraft:textures/atlas/mob_effects.png-atlas
[17:01:04] [Render thread/INFO] (Minecraft) [STDOUT]: 加载旗帜: wuxi_1 | 命名空间: yunbeiuc | 纹理: yunbeiuc:textures/block/flags/wuxi_1.png
[17:01:04] [Render thread/INFO] (Minecraft) [STDOUT]: 加载旗帜: wuxi_2 | 命名空间: yunbeiuc | 纹理: yunbeiuc:textures/block/flags/wuxi_2.png
[17:01:04] [Render thread/INFO] (Minecraft) [STDOUT]: 加载旗帜: wuxi_3 | 命名空间: yunbeiuc | 纹理: yunbeiuc:textures/block/flags/wuxi_3.png
[17:01:04] [Render thread/INFO] (Minecraft) [STDOUT]: 加载旗帜: wuxi_4 | 命名空间: yunbeiuc | 纹理: yunbeiuc:textures/block/flags/wuxi_4.png
[17:01:04] [Render thread/INFO] (Minecraft) [STDOUT]: 加载旗帜: wuxi_5 | 命名空间: yunbeiuc | 纹理: yunbeiuc:textures/block/flags/wuxi_5.png
[17:01:04] [Render thread/INFO] (Minecraft) [STDOUT]: 加载旗帜: wuxi_6 | 命名空间: yunbeiuc | 纹理: yunbeiuc:textures/block/flags/wuxi_6.png
[17:01:04] [Render thread/INFO] (Minecraft) [STDOUT]: 加载旗帜: wuxi_7 | 命名空间: yunbeiuc | 纹理: yunbeiuc:textures/block/flags/wuxi_7.png
[17:01:04] [Render thread/INFO] (Minecraft) [STDOUT]: 加载旗帜: wuxi_8 | 命名空间: yunbeiuc | 纹理: yunbeiuc:textures/block/flags/wuxi_8.png
[17:01:04] [Render thread/INFO] (Minecraft) [STDOUT]: 加载旗帜: wuxi_9 | 命名空间: yunbeiuc | 纹理: yunbeiuc:textures/block/flags/wuxi_9.png
[17:01:04] [Render thread/INFO] (Minecraft) [STDOUT]: 加载旗帜: wuxi_10 | 命名空间: yunbeiuc | 纹理: yunbeiuc:textures/block/flags/wuxi_10.png
[17:01:04] [Render thread/INFO] (Minecraft) [STDOUT]: 加载旗帜: wuxi_11 | 命名空间: yunbeiuc | 纹理: yunbeiuc:textures/block/flags/wuxi_11.png
[17:01:04] [Render thread/INFO] (Minecraft) [STDOUT]: 加载旗帜: wuxi_12 | 命名空间: yunbeiuc | 纹理: yunbeiuc:textures/block/flags/wuxi_12.png
[17:01:04] [Render thread/INFO] (Minecraft) [STDOUT]: 加载旗帜: wuxi_13 | 命名空间: yunbeiuc | 纹理: yunbeiuc:textures/block/flags/wuxi_13.png
[17:01:04] [Render thread/INFO] (Minecraft) [STDOUT]: 加载旗帜: wuxi_14 | 命名空间: yunbeiuc | 纹理: yunbeiuc:textures/block/flags/wuxi_14.png
[17:01:04] [Render thread/INFO] (Minecraft) [STDOUT]: 加载旗帜: wuxi_15 | 命名空间: yunbeiuc | 纹理: yunbeiuc:textures/block/flags/wuxi_15.png
[17:01:04] [Render thread/INFO] (Minecraft) [STDOUT]: 加载旗帜: wuxi_16 | 命名空间: yunbeiuc | 纹理: yunbeiuc:textures/block/flags/wuxi_16.png
[17:01:04] [Render thread/INFO] (Minecraft) [STDOUT]: 加载旗帜: wuxi_17 | 命名空间: yunbeiuc | 纹理: yunbeiuc:textures/block/flags/wuxi_17.png
[17:01:04] [Render thread/INFO] (Minecraft) [STDOUT]: 加载旗帜: wuxi_18 | 命名空间: yunbeiuc | 纹理: yunbeiuc:textures/block/flags/wuxi_18.png
[17:01:04] [Render thread/INFO] (Minecraft) [STDOUT]: 加载旗帜: wuxi_19 | 命名空间: yunbeiuc | 纹理: yunbeiuc:textures/block/flags/wuxi_19.png
[17:01:04] [Render thread/INFO] (Minecraft) [STDOUT]: 加载旗帜: wuxi_20 | 命名空间: yunbeiuc | 纹理: yunbeiuc:textures/block/flags/wuxi_20.png
[17:01:04] [Render thread/INFO] (Minecraft) [STDOUT]: 加载旗帜: wuxi_21 | 命名空间: yunbeiuc | 纹理: yunbeiuc:textures/block/flags/wuxi_21.png
[17:01:04] [Render thread/INFO] (Minecraft) [STDOUT]: 加载旗帜: wuxi_22 | 命名空间: yunbeiuc | 纹理: yunbeiuc:textures/block/flags/wuxi_22.png
[17:01:04] [Render thread/INFO] (Minecraft) [STDOUT]: 加载旗帜: wuxi_23 | 命名空间: yunbeiuc | 纹理: yunbeiuc:textures/block/flags/wuxi_23.png
[17:01:04] [Render thread/INFO] (Minecraft) [STDOUT]: 加载旗帜: wuxi_24 | 命名空间: yunbeiuc | 纹理: yunbeiuc:textures/block/flags/wuxi_24.png
[17:01:04] [Render thread/INFO] (Minecraft) [STDOUT]: 加载旗帜: wuxi_25 | 命名空间: yunbeiuc | 纹理: yunbeiuc:textures/block/flags/wuxi_25.png
[17:01:04] [Render thread/INFO] (Minecraft) [STDOUT]: 加载旗帜: wuxi_26 | 命名空间: yunbeiuc | 纹理: yunbeiuc:textures/block/flags/wuxi_26.png
[17:01:04] [Render thread/INFO] (Minecraft) [STDOUT]: 加载旗帜: wuxi_27 | 命名空间: yunbeiuc | 纹理: yunbeiuc:textures/block/flags/wuxi_27.png
[17:01:04] [Render thread/INFO] (Minecraft) [STDOUT]: 加载旗帜: wuxi_28 | 命名空间: yunbeiuc | 纹理: yunbeiuc:textures/block/flags/wuxi_28.png
[17:01:04] [Render thread/INFO] (Minecraft) [STDOUT]: 加载旗帜: wuxi_29 | 命名空间: yunbeiuc | 纹理: yunbeiuc:textures/block/flags/wuxi_29.png
[17:01:04] [Render thread/INFO] (Minecraft) [STDOUT]: 旗帜加载完成，共 29 个旗帜
[17:03:09] [Server thread/INFO] (Minecraft) Saving and pausing game...
[17:03:09] [Server thread/INFO] (Minecraft) Saving chunks for level 'ServerLevel[新的世界]'/minecraft:overworld
[17:03:09] [Server thread/INFO] (Minecraft) Saving chunks for level 'ServerLevel[新的世界]'/minecraft:the_end
[17:03:09] [Server thread/INFO] (Minecraft) Saving chunks for level 'ServerLevel[新的世界]'/minecraft:the_nether
[17:05:11] [Server thread/INFO] (Minecraft) Saving and pausing game...
[17:05:11] [Server thread/INFO] (Minecraft) Saving chunks for level 'ServerLevel[新的世界]'/minecraft:overworld
[17:05:11] [Server thread/INFO] (Minecraft) Saving chunks for level 'ServerLevel[新的世界]'/minecraft:the_end
[17:05:11] [Server thread/INFO] (Minecraft) Saving chunks for level 'ServerLevel[新的世界]'/minecraft:the_nether
[17:05:34] [Server thread/INFO] (Minecraft) Saving and pausing game...
[17:05:34] [Server thread/INFO] (Minecraft) Saving chunks for level 'ServerLevel[新的世界]'/minecraft:overworld
[17:05:34] [Server thread/INFO] (Minecraft) Saving chunks for level 'ServerLevel[新的世界]'/minecraft:the_end
[17:05:34] [Server thread/INFO] (Minecraft) Saving chunks for level 'ServerLevel[新的世界]'/minecraft:the_nether
[17:06:10] [Server thread/INFO] (Minecraft) Player960取得了进度[怪物猎人]
[17:06:10] [Render thread/INFO] (Minecraft) [System] [CHAT] Player960取得了进度[怪物猎人]
[17:06:10] [Render thread/INFO] (Minecraft) Loaded 38 advancements
[17:06:18] [Server thread/INFO] (Minecraft) Saving and pausing game...
[17:06:19] [Server thread/INFO] (Minecraft) Saving chunks for level 'ServerLevel[新的世界]'/minecraft:overworld
[17:06:19] [Server thread/INFO] (Minecraft) Saving chunks for level 'ServerLevel[新的世界]'/minecraft:the_end
[17:06:19] [Server thread/INFO] (Minecraft) Saving chunks for level 'ServerLevel[新的世界]'/minecraft:the_nether
[17:06:24] [Server thread/INFO] (Minecraft) Saving and pausing game...
[17:06:24] [Server thread/INFO] (Minecraft) Saving chunks for level 'ServerLevel[新的世界]'/minecraft:overworld
[17:06:24] [Server thread/INFO] (Minecraft) Saving chunks for level 'ServerLevel[新的世界]'/minecraft:the_end
[17:06:24] [Server thread/INFO] (Minecraft) Saving chunks for level 'ServerLevel[新的世界]'/minecraft:the_nether
[17:06:38] [Server thread/INFO] (Minecraft) Saving and pausing game...
[17:06:38] [Server thread/INFO] (Minecraft) Saving chunks for level 'ServerLevel[新的世界]'/minecraft:overworld
[17:06:38] [Server thread/INFO] (Minecraft) Saving chunks for level 'ServerLevel[新的世界]'/minecraft:the_end
[17:06:38] [Server thread/INFO] (Minecraft) Saving chunks for level 'ServerLevel[新的世界]'/minecraft:the_nether
[17:07:39] [Server thread/INFO] (Minecraft) Saving and pausing game...
[17:07:39] [Server thread/INFO] (Minecraft) Saving chunks for level 'ServerLevel[新的世界]'/minecraft:overworld
[17:07:39] [Server thread/INFO] (Minecraft) Saving chunks for level 'ServerLevel[新的世界]'/minecraft:the_end
[17:07:39] [Server thread/INFO] (Minecraft) Saving chunks for level 'ServerLevel[新的世界]'/minecraft:the_nether
[17:08:03] [Server thread/INFO] (Minecraft) Saving and pausing game...
[17:08:03] [Server thread/INFO] (Minecraft) Saving chunks for level 'ServerLevel[新的世界]'/minecraft:overworld
[17:08:03] [Server thread/INFO] (Minecraft) Saving chunks for level 'ServerLevel[新的世界]'/minecraft:the_end
[17:08:03] [Server thread/INFO] (Minecraft) Saving chunks for level 'ServerLevel[新的世界]'/minecraft:the_nether
[17:08:07] [Server thread/INFO] (Minecraft) Saving and pausing game...
[17:08:07] [Server thread/INFO] (Minecraft) Saving chunks for level 'ServerLevel[新的世界]'/minecraft:overworld
[17:08:07] [Server thread/INFO] (Minecraft) Saving chunks for level 'ServerLevel[新的世界]'/minecraft:the_end
[17:08:07] [Server thread/INFO] (Minecraft) Saving chunks for level 'ServerLevel[新的世界]'/minecraft:the_nether
[17:08:24] [Server thread/INFO] (Minecraft) Saving and pausing game...
[17:08:24] [Server thread/INFO] (Minecraft) Saving chunks for level 'ServerLevel[新的世界]'/minecraft:overworld
[17:08:24] [Server thread/INFO] (Minecraft) Saving chunks for level 'ServerLevel[新的世界]'/minecraft:the_end
[17:08:24] [Server thread/INFO] (Minecraft) Saving chunks for level 'ServerLevel[新的世界]'/minecraft:the_nether
[17:08:34] [Server thread/INFO] (Minecraft) Saving and pausing game...
[17:08:34] [Server thread/INFO] (Minecraft) Saving chunks for level 'ServerLevel[新的世界]'/minecraft:overworld
[17:08:34] [Server thread/INFO] (Minecraft) Saving chunks for level 'ServerLevel[新的世界]'/minecraft:the_end
[17:08:34] [Server thread/INFO] (Minecraft) Saving chunks for level 'ServerLevel[新的世界]'/minecraft:the_nether
[17:09:07] [Server thread/INFO] (Minecraft) Saving and pausing game...
[17:09:07] [Server thread/INFO] (Minecraft) Saving chunks for level 'ServerLevel[新的世界]'/minecraft:overworld
[17:09:07] [Server thread/INFO] (Minecraft) Saving chunks for level 'ServerLevel[新的世界]'/minecraft:the_end
[17:09:07] [Server thread/INFO] (Minecraft) Saving chunks for level 'ServerLevel[新的世界]'/minecraft:the_nether
[17:09:14] [Server thread/INFO] (Minecraft) Saving and pausing game...
[17:09:14] [Server thread/INFO] (Minecraft) Saving chunks for level 'ServerLevel[新的世界]'/minecraft:overworld
[17:09:14] [Server thread/INFO] (Minecraft) Saving chunks for level 'ServerLevel[新的世界]'/minecraft:the_end
[17:09:14] [Server thread/INFO] (Minecraft) Saving chunks for level 'ServerLevel[新的世界]'/minecraft:the_nether
[17:09:48] [Server thread/INFO] (Minecraft) Saving and pausing game...
[17:09:48] [Server thread/INFO] (Minecraft) Saving chunks for level 'ServerLevel[新的世界]'/minecraft:overworld
[17:09:48] [Server thread/INFO] (Minecraft) Saving chunks for level 'ServerLevel[新的世界]'/minecraft:the_end
[17:09:48] [Server thread/INFO] (Minecraft) Saving chunks for level 'ServerLevel[新的世界]'/minecraft:the_nether
[17:11:23] [Server thread/INFO] (Minecraft) Saving and pausing game...
[17:11:23] [Server thread/INFO] (Minecraft) Saving chunks for level 'ServerLevel[新的世界]'/minecraft:overworld
[17:11:23] [Server thread/INFO] (Minecraft) Saving chunks for level 'ServerLevel[新的世界]'/minecraft:the_end
[17:11:23] [Server thread/INFO] (Minecraft) Saving chunks for level 'ServerLevel[新的世界]'/minecraft:the_nether
[17:11:32] [Server thread/INFO] (Minecraft) Saving and pausing game...
[17:11:32] [Server thread/INFO] (Minecraft) Saving chunks for level 'ServerLevel[新的世界]'/minecraft:overworld
[17:11:32] [Server thread/INFO] (Minecraft) Saving chunks for level 'ServerLevel[新的世界]'/minecraft:the_end
[17:11:32] [Server thread/INFO] (Minecraft) Saving chunks for level 'ServerLevel[新的世界]'/minecraft:the_nether
[17:11:35] [Server thread/INFO] (Minecraft) Saving and pausing game...
[17:11:35] [Server thread/INFO] (Minecraft) Saving chunks for level 'ServerLevel[新的世界]'/minecraft:overworld
[17:11:35] [Server thread/INFO] (Minecraft) Saving chunks for level 'ServerLevel[新的世界]'/minecraft:the_end
[17:11:35] [Server thread/INFO] (Minecraft) Saving chunks for level 'ServerLevel[新的世界]'/minecraft:the_nether
[17:11:39] [Server thread/INFO] (Minecraft) Saving and pausing game...
[17:11:39] [Server thread/INFO] (Minecraft) Saving chunks for level 'ServerLevel[新的世界]'/minecraft:overworld
[17:11:39] [Server thread/INFO] (Minecraft) Saving chunks for level 'ServerLevel[新的世界]'/minecraft:the_end
[17:11:39] [Server thread/INFO] (Minecraft) Saving chunks for level 'ServerLevel[新的世界]'/minecraft:the_nether
[17:12:03] [Server thread/INFO] (Minecraft) Saving and pausing game...
[17:12:03] [Server thread/INFO] (Minecraft) Saving chunks for level 'ServerLevel[新的世界]'/minecraft:overworld
[17:12:03] [Server thread/INFO] (Minecraft) Saving chunks for level 'ServerLevel[新的世界]'/minecraft:the_end
[17:12:03] [Server thread/INFO] (Minecraft) Saving chunks for level 'ServerLevel[新的世界]'/minecraft:the_nether
[17:12:32] [Server thread/INFO] (Minecraft) Saving and pausing game...
[17:12:32] [Server thread/INFO] (Minecraft) Saving chunks for level 'ServerLevel[新的世界]'/minecraft:overworld
[17:12:32] [Server thread/INFO] (Minecraft) Saving chunks for level 'ServerLevel[新的世界]'/minecraft:the_end
[17:12:32] [Server thread/INFO] (Minecraft) Saving chunks for level 'ServerLevel[新的世界]'/minecraft:the_nether
[17:12:33] [Server thread/INFO] (Minecraft) Saving and pausing game...
[17:12:33] [Server thread/INFO] (Minecraft) Saving chunks for level 'ServerLevel[新的世界]'/minecraft:overworld
[17:12:33] [Server thread/INFO] (Minecraft) Saving chunks for level 'ServerLevel[新的世界]'/minecraft:the_end
[17:12:33] [Server thread/INFO] (Minecraft) Saving chunks for level 'ServerLevel[新的世界]'/minecraft:the_nether
[17:12:37] [Server thread/INFO] (Minecraft) Saving and pausing game...
[17:12:37] [Server thread/INFO] (Minecraft) Saving chunks for level 'ServerLevel[新的世界]'/minecraft:overworld
[17:12:37] [Server thread/INFO] (Minecraft) Saving chunks for level 'ServerLevel[新的世界]'/minecraft:the_end
[17:12:37] [Server thread/INFO] (Minecraft) Saving chunks for level 'ServerLevel[新的世界]'/minecraft:the_nether
[17:12:57] [Server thread/INFO] (Minecraft) Saving and pausing game...
[17:12:57] [Server thread/INFO] (Minecraft) Saving chunks for level 'ServerLevel[新的世界]'/minecraft:overworld
[17:12:57] [Server thread/INFO] (Minecraft) Saving chunks for level 'ServerLevel[新的世界]'/minecraft:the_end
[17:12:57] [Server thread/INFO] (Minecraft) Saving chunks for level 'ServerLevel[新的世界]'/minecraft:the_nether
[17:13:28] [Server thread/INFO] (Minecraft) Saving and pausing game...
[17:13:28] [Server thread/INFO] (Minecraft) Saving chunks for level 'ServerLevel[新的世界]'/minecraft:overworld
[17:13:28] [Server thread/INFO] (Minecraft) Saving chunks for level 'ServerLevel[新的世界]'/minecraft:the_end
[17:13:28] [Server thread/INFO] (Minecraft) Saving chunks for level 'ServerLevel[新的世界]'/minecraft:the_nether
[17:15:08] [Server thread/INFO] (Minecraft) Saving and pausing game...
[17:15:08] [Server thread/INFO] (Minecraft) Saving chunks for level 'ServerLevel[新的世界]'/minecraft:overworld
[17:15:08] [Server thread/INFO] (Minecraft) Saving chunks for level 'ServerLevel[新的世界]'/minecraft:the_end
[17:15:08] [Server thread/INFO] (Minecraft) Saving chunks for level 'ServerLevel[新的世界]'/minecraft:the_nether
[17:15:15] [Render thread/INFO] (Minecraft) [System] [CHAT] [调试]： 已重新加载资源包
[17:15:16] [Render thread/INFO] (Minecraft) Reloading ResourceManager: vanilla, fabric (fabric-models-v0, fabric-registry-sync-v0, fabric-api, fabric-client-tags-api-v1, fabric-rendering-fluids-v1, fabric-data-generation-api-v1, fabric-commands-v0, fabric-networking-api-v1, fabric-transfer-api-v1, fabric-biome-api-v1, fabric-blockrenderlayer-v1, fabric-renderer-registries-v1, fabric-containers-v0, fabric-lifecycle-events-v1, fabric-convention-tags-v1, fabric-model-loading-api-v1, fabric-content-registries-v0, fabric-screen-api-v1, fabric-renderer-indigo, fabric-entity-events-v1, fabric-game-rule-api-v1, fabric-message-api-v1, fabric-block-api-v1, fabric-loot-api-v2, fabric-key-binding-api-v1, fabric-mining-level-api-v1, fabric-rendering-v0, fabric-data-attachment-api-v1, iconr, fabric-events-lifecycle-v0, fabric-sound-api-v1, fabric-transitive-access-wideners-v1, fabric-resource-loader-v0, fabric-keybindings-v0, fabric-dimensions-v1, fabric-item-api-v1, fabric-renderer-api-v1, fabric-rendering-data-attachment-v1, fabric-api-lookup-api-v1, fabric-command-api-v2, fabric-particles-v1, fabric-networking-v0, fabric-rendering-v1, fabric-events-interaction-v0, fabric-block-view-api-v2, fabric-gametest-api-v1, fabric-screen-handler-api-v1, generated_814b5a0, fabric-api-base, fabric-object-builder-api-v1, modmenu, fabric-command-api-v1, fabric-recipe-api-v1, fabric-item-group-api-v1, fabric-crash-report-info-v1, fabricloader, fabric-loot-tables-v1, fabric-resource-conditions-api-v1)
[17:15:16] [Worker-Main-8/INFO] (Minecraft) Found unifont_all_no_pua-15.0.06.hex, loading
[17:15:16] [Server thread/INFO] (Minecraft) Saving and pausing game...
[17:15:16] [Server thread/INFO] (Minecraft) Saving chunks for level 'ServerLevel[新的世界]'/minecraft:overworld
[17:15:16] [Server thread/INFO] (Minecraft) Saving chunks for level 'ServerLevel[新的世界]'/minecraft:the_end
[17:15:16] [Server thread/INFO] (Minecraft) Saving chunks for level 'ServerLevel[新的世界]'/minecraft:the_nether
[17:15:17] [Worker-Main-12/WARN] (Minecraft) Texture yunbeiuc:block/flags/wuxi_12 with size 375x1000 limits mip level from 4 to 0
[17:15:17] [Worker-Main-12/WARN] (Minecraft) minecraft:textures/atlas/blocks.png: dropping miplevel from 4 to 0, because of minimum power of two: 1
[17:15:23] [Worker-Main-8/WARN] (Minecraft) Unable to load model: 'yunbeiuc:block/sign/pole_h/sign_expressway_direction_2' referenced from: yunbeiuc:sign_expressway_direction_2#facing=north,type=pole_l: java.io.FileNotFoundException: yunbeiuc:models/block/sign/pole_h/sign_expressway_direction_2.json
[17:15:23] [Worker-Main-8/WARN] (Minecraft) Unable to load model: 'yunbeiuc:block/sign/pole_l/sign_expressway_direction_2' referenced from: yunbeiuc:sign_expressway_direction_2#facing=north,type=pole_l: java.io.FileNotFoundException: yunbeiuc:models/block/sign/pole_l/sign_expressway_direction_2.json
[17:15:23] [Worker-Main-8/WARN] (Minecraft) Unable to load model: 'yunbeiuc:block/sign/pole_h/sign_expressway_direction_3' referenced from: yunbeiuc:sign_expressway_direction_3#facing=north,type=pole_l: java.io.FileNotFoundException: yunbeiuc:models/block/sign/pole_h/sign_expressway_direction_3.json
[17:15:23] [Worker-Main-8/WARN] (Minecraft) Unable to load model: 'yunbeiuc:block/sign/pole_l/sign_expressway_direction_3' referenced from: yunbeiuc:sign_expressway_direction_3#facing=north,type=pole_l: java.io.FileNotFoundException: yunbeiuc:models/block/sign/pole_l/sign_expressway_direction_3.json
[17:15:23] [Worker-Main-8/WARN] (Minecraft) Unable to load model: 'yunbeiuc:block/sign/pole_h/sign_expressway_direction_4' referenced from: yunbeiuc:sign_expressway_direction_4#facing=north,type=pole_l: java.io.FileNotFoundException: yunbeiuc:models/block/sign/pole_h/sign_expressway_direction_4.json
[17:15:23] [Worker-Main-8/WARN] (Minecraft) Unable to load model: 'yunbeiuc:block/sign/pole_l/sign_expressway_direction_4' referenced from: yunbeiuc:sign_expressway_direction_4#facing=north,type=pole_l: java.io.FileNotFoundException: yunbeiuc:models/block/sign/pole_l/sign_expressway_direction_4.json
[17:15:23] [Worker-Main-8/WARN] (Minecraft) Unable to load model: 'yunbeiuc:block/sign/pole_h/sign_expressway_direction_5' referenced from: yunbeiuc:sign_expressway_direction_5#facing=north,type=pole_l: java.io.FileNotFoundException: yunbeiuc:models/block/sign/pole_h/sign_expressway_direction_5.json
[17:15:23] [Worker-Main-8/WARN] (Minecraft) Unable to load model: 'yunbeiuc:block/sign/pole_l/sign_expressway_direction_5' referenced from: yunbeiuc:sign_expressway_direction_5#facing=north,type=pole_l: java.io.FileNotFoundException: yunbeiuc:models/block/sign/pole_l/sign_expressway_direction_5.json
[17:15:23] [Worker-Main-8/WARN] (Minecraft) Unable to load model: 'yunbeiuc:block/sign/pole_h/sign_expressway_direction_6' referenced from: yunbeiuc:sign_expressway_direction_6#facing=north,type=pole_l: java.io.FileNotFoundException: yunbeiuc:models/block/sign/pole_h/sign_expressway_direction_6.json
[17:15:23] [Worker-Main-8/WARN] (Minecraft) Unable to load model: 'yunbeiuc:block/sign/pole_l/sign_expressway_direction_6' referenced from: yunbeiuc:sign_expressway_direction_6#facing=north,type=pole_l: java.io.FileNotFoundException: yunbeiuc:models/block/sign/pole_l/sign_expressway_direction_6.json
[17:15:29] [Render thread/WARN] (Minecraft) Missing sound for event: minecraft:item.goat_horn.play
[17:15:29] [Render thread/WARN] (Minecraft) Missing sound for event: minecraft:entity.goat.screaming.horn_break
[17:15:29] [Render thread/INFO] (Minecraft) OpenAL initialized on device OpenAL Soft on 耳机 (小米 Air4 SE)
[17:15:29] [Render thread/INFO] (Minecraft) Sound engine started
[17:15:29] [Render thread/INFO] (Minecraft) Created: 8192x8192x0 minecraft:textures/atlas/blocks.png-atlas
[17:15:32] [Render thread/INFO] (Minecraft) Created: 256x256x4 minecraft:textures/atlas/signs.png-atlas
[17:15:32] [Render thread/INFO] (Minecraft) Created: 512x512x4 minecraft:textures/atlas/shield_patterns.png-atlas
[17:15:32] [Render thread/INFO] (Minecraft) Created: 512x512x4 minecraft:textures/atlas/banner_patterns.png-atlas
[17:15:32] [Render thread/INFO] (Minecraft) Created: 1024x1024x4 minecraft:textures/atlas/armor_trims.png-atlas
[17:15:32] [Render thread/INFO] (Minecraft) Created: 128x64x4 minecraft:textures/atlas/decorated_pot.png-atlas
[17:15:32] [Render thread/INFO] (Minecraft) Created: 256x256x4 minecraft:textures/atlas/chest.png-atlas
[17:15:32] [Render thread/INFO] (Minecraft) Created: 512x256x4 minecraft:textures/atlas/beds.png-atlas
[17:15:32] [Render thread/INFO] (Minecraft) Created: 512x256x4 minecraft:textures/atlas/shulker_boxes.png-atlas
[17:15:32] [Render thread/WARN] (Minecraft) Shader rendertype_entity_translucent_emissive could not find sampler named Sampler2 in the specified shader program.
[17:15:33] [Render thread/INFO] (Minecraft) Created: 256x256x0 minecraft:textures/atlas/particles.png-atlas
[17:15:33] [Render thread/INFO] (Minecraft) Created: 256x256x0 minecraft:textures/atlas/paintings.png-atlas
[17:15:33] [Render thread/INFO] (Minecraft) Created: 128x128x0 minecraft:textures/atlas/mob_effects.png-atlas
[17:15:33] [Render thread/INFO] (Minecraft) [STDOUT]: 加载旗帜: wuxi_1 | 命名空间: yunbeiuc | 纹理: yunbeiuc:textures/block/flags/wuxi_1.png
[17:15:33] [Render thread/INFO] (Minecraft) [STDOUT]: 加载旗帜: wuxi_2 | 命名空间: yunbeiuc | 纹理: yunbeiuc:textures/block/flags/wuxi_2.png
[17:15:33] [Render thread/INFO] (Minecraft) [STDOUT]: 加载旗帜: wuxi_3 | 命名空间: yunbeiuc | 纹理: yunbeiuc:textures/block/flags/wuxi_3.png
[17:15:33] [Render thread/INFO] (Minecraft) [STDOUT]: 加载旗帜: wuxi_4 | 命名空间: yunbeiuc | 纹理: yunbeiuc:textures/block/flags/wuxi_4.png
[17:15:33] [Render thread/INFO] (Minecraft) [STDOUT]: 加载旗帜: wuxi_5 | 命名空间: yunbeiuc | 纹理: yunbeiuc:textures/block/flags/wuxi_5.png
[17:15:33] [Render thread/INFO] (Minecraft) [STDOUT]: 加载旗帜: wuxi_6 | 命名空间: yunbeiuc | 纹理: yunbeiuc:textures/block/flags/wuxi_6.png
[17:15:33] [Render thread/INFO] (Minecraft) [STDOUT]: 加载旗帜: wuxi_7 | 命名空间: yunbeiuc | 纹理: yunbeiuc:textures/block/flags/wuxi_7.png
[17:15:33] [Render thread/INFO] (Minecraft) [STDOUT]: 加载旗帜: wuxi_8 | 命名空间: yunbeiuc | 纹理: yunbeiuc:textures/block/flags/wuxi_8.png
[17:15:33] [Render thread/INFO] (Minecraft) [STDOUT]: 加载旗帜: wuxi_9 | 命名空间: yunbeiuc | 纹理: yunbeiuc:textures/block/flags/wuxi_9.png
[17:15:33] [Render thread/INFO] (Minecraft) [STDOUT]: 加载旗帜: wuxi_10 | 命名空间: yunbeiuc | 纹理: yunbeiuc:textures/block/flags/wuxi_10.png
[17:15:33] [Render thread/INFO] (Minecraft) [STDOUT]: 加载旗帜: wuxi_11 | 命名空间: yunbeiuc | 纹理: yunbeiuc:textures/block/flags/wuxi_11.png
[17:15:33] [Render thread/INFO] (Minecraft) [STDOUT]: 加载旗帜: wuxi_12 | 命名空间: yunbeiuc | 纹理: yunbeiuc:textures/block/flags/wuxi_12.png
[17:15:33] [Render thread/INFO] (Minecraft) [STDOUT]: 加载旗帜: wuxi_13 | 命名空间: yunbeiuc | 纹理: yunbeiuc:textures/block/flags/wuxi_13.png
[17:15:33] [Render thread/INFO] (Minecraft) [STDOUT]: 加载旗帜: wuxi_14 | 命名空间: yunbeiuc | 纹理: yunbeiuc:textures/block/flags/wuxi_14.png
[17:15:33] [Render thread/INFO] (Minecraft) [STDOUT]: 加载旗帜: wuxi_15 | 命名空间: yunbeiuc | 纹理: yunbeiuc:textures/block/flags/wuxi_15.png
[17:15:33] [Render thread/INFO] (Minecraft) [STDOUT]: 加载旗帜: wuxi_16 | 命名空间: yunbeiuc | 纹理: yunbeiuc:textures/block/flags/wuxi_16.png
[17:15:33] [Render thread/INFO] (Minecraft) [STDOUT]: 加载旗帜: wuxi_17 | 命名空间: yunbeiuc | 纹理: yunbeiuc:textures/block/flags/wuxi_17.png
[17:15:33] [Render thread/INFO] (Minecraft) [STDOUT]: 加载旗帜: wuxi_18 | 命名空间: yunbeiuc | 纹理: yunbeiuc:textures/block/flags/wuxi_18.png
[17:15:33] [Render thread/INFO] (Minecraft) [STDOUT]: 加载旗帜: wuxi_19 | 命名空间: yunbeiuc | 纹理: yunbeiuc:textures/block/flags/wuxi_19.png
[17:15:33] [Render thread/INFO] (Minecraft) [STDOUT]: 加载旗帜: wuxi_20 | 命名空间: yunbeiuc | 纹理: yunbeiuc:textures/block/flags/wuxi_20.png
[17:15:33] [Render thread/INFO] (Minecraft) [STDOUT]: 加载旗帜: wuxi_21 | 命名空间: yunbeiuc | 纹理: yunbeiuc:textures/block/flags/wuxi_21.png
[17:15:33] [Render thread/INFO] (Minecraft) [STDOUT]: 加载旗帜: wuxi_22 | 命名空间: yunbeiuc | 纹理: yunbeiuc:textures/block/flags/wuxi_22.png
[17:15:33] [Render thread/INFO] (Minecraft) [STDOUT]: 加载旗帜: wuxi_23 | 命名空间: yunbeiuc | 纹理: yunbeiuc:textures/block/flags/wuxi_23.png
[17:15:33] [Render thread/INFO] (Minecraft) [STDOUT]: 加载旗帜: wuxi_24 | 命名空间: yunbeiuc | 纹理: yunbeiuc:textures/block/flags/wuxi_24.png
[17:15:33] [Render thread/INFO] (Minecraft) [STDOUT]: 加载旗帜: wuxi_25 | 命名空间: yunbeiuc | 纹理: yunbeiuc:textures/block/flags/wuxi_25.png
[17:15:33] [Render thread/INFO] (Minecraft) [STDOUT]: 加载旗帜: wuxi_26 | 命名空间: yunbeiuc | 纹理: yunbeiuc:textures/block/flags/wuxi_26.png
[17:15:33] [Render thread/INFO] (Minecraft) [STDOUT]: 加载旗帜: wuxi_27 | 命名空间: yunbeiuc | 纹理: yunbeiuc:textures/block/flags/wuxi_27.png
[17:15:33] [Render thread/INFO] (Minecraft) [STDOUT]: 加载旗帜: wuxi_28 | 命名空间: yunbeiuc | 纹理: yunbeiuc:textures/block/flags/wuxi_28.png
[17:15:33] [Render thread/INFO] (Minecraft) [STDOUT]: 加载旗帜: wuxi_29 | 命名空间: yunbeiuc | 纹理: yunbeiuc:textures/block/flags/wuxi_29.png
[17:15:33] [Render thread/INFO] (Minecraft) [STDOUT]: 旗帜加载完成，共 29 个旗帜
[17:15:57] [Server thread/INFO] (Minecraft) Saving and pausing game...
[17:15:57] [Server thread/INFO] (Minecraft) Saving chunks for level 'ServerLevel[新的世界]'/minecraft:overworld
[17:15:57] [Server thread/INFO] (Minecraft) Saving chunks for level 'ServerLevel[新的世界]'/minecraft:the_end
[17:15:57] [Server thread/INFO] (Minecraft) Saving chunks for level 'ServerLevel[新的世界]'/minecraft:the_nether
[17:16:06] [Server thread/INFO] (Minecraft) Saving and pausing game...
[17:16:06] [Server thread/INFO] (Minecraft) Saving chunks for level 'ServerLevel[新的世界]'/minecraft:overworld
[17:16:06] [Server thread/INFO] (Minecraft) Saving chunks for level 'ServerLevel[新的世界]'/minecraft:the_end
[17:16:06] [Server thread/INFO] (Minecraft) Saving chunks for level 'ServerLevel[新的世界]'/minecraft:the_nether
[17:16:10] [Server thread/INFO] (Minecraft) Saving and pausing game...
[17:16:10] [Server thread/INFO] (Minecraft) Saving chunks for level 'ServerLevel[新的世界]'/minecraft:overworld
[17:16:10] [Server thread/INFO] (Minecraft) Saving chunks for level 'ServerLevel[新的世界]'/minecraft:the_end
[17:16:10] [Server thread/INFO] (Minecraft) Saving chunks for level 'ServerLevel[新的世界]'/minecraft:the_nether
[17:16:19] [Server thread/INFO] (Minecraft) Saving and pausing game...
[17:16:19] [Server thread/INFO] (Minecraft) Saving chunks for level 'ServerLevel[新的世界]'/minecraft:overworld
[17:16:19] [Server thread/INFO] (Minecraft) Saving chunks for level 'ServerLevel[新的世界]'/minecraft:the_end
[17:16:19] [Server thread/INFO] (Minecraft) Saving chunks for level 'ServerLevel[新的世界]'/minecraft:the_nether
[17:19:35] [Server thread/INFO] (Minecraft) Saving and pausing game...
[17:19:35] [Server thread/INFO] (Minecraft) Saving chunks for level 'ServerLevel[新的世界]'/minecraft:overworld
[17:19:35] [Server thread/INFO] (Minecraft) Saving chunks for level 'ServerLevel[新的世界]'/minecraft:the_end
[17:19:35] [Server thread/INFO] (Minecraft) Saving chunks for level 'ServerLevel[新的世界]'/minecraft:the_nether
[17:19:46] [Server thread/INFO] (Minecraft) Saving and pausing game...
[17:19:46] [Server thread/INFO] (Minecraft) Saving chunks for level 'ServerLevel[新的世界]'/minecraft:overworld
[17:19:46] [Server thread/INFO] (Minecraft) Saving chunks for level 'ServerLevel[新的世界]'/minecraft:the_end
[17:19:46] [Server thread/INFO] (Minecraft) Saving chunks for level 'ServerLevel[新的世界]'/minecraft:the_nether
[17:20:22] [Render thread/INFO] (Minecraft) Loaded 38 advancements
[17:21:03] [Render thread/INFO] (Minecraft) [System] [CHAT] 请先输入 /yunbeiuc lights <mode> 选择模式！
[17:21:03] [Render thread/INFO] (Minecraft) [System] [CHAT] 请先输入 /yunbeiuc lights <mode> 选择模式！
[17:21:06] [Render thread/INFO] (Minecraft) [System] [CHAT] 请先输入 /yunbeiuc lights <mode> 选择模式！
[17:21:06] [Render thread/INFO] (Minecraft) [System] [CHAT] 请先输入 /yunbeiuc lights <mode> 选择模式！
[17:22:56] [Server thread/INFO] (Minecraft) Saving and pausing game...
[17:22:56] [Server thread/INFO] (Minecraft) Saving chunks for level 'ServerLevel[新的世界]'/minecraft:overworld
[17:22:56] [Server thread/INFO] (Minecraft) Saving chunks for level 'ServerLevel[新的世界]'/minecraft:the_end
[17:22:56] [Server thread/INFO] (Minecraft) Saving chunks for level 'ServerLevel[新的世界]'/minecraft:the_nether
[17:24:36] [Server thread/INFO] (Minecraft) Saving and pausing game...
[17:24:36] [Server thread/INFO] (Minecraft) Saving chunks for level 'ServerLevel[新的世界]'/minecraft:overworld
[17:24:36] [Server thread/INFO] (Minecraft) Saving chunks for level 'ServerLevel[新的世界]'/minecraft:the_end
[17:24:36] [Server thread/INFO] (Minecraft) Saving chunks for level 'ServerLevel[新的世界]'/minecraft:the_nether
[17:24:58] [Server thread/INFO] (Minecraft) Saving and pausing game...
[17:24:58] [Server thread/INFO] (Minecraft) Saving chunks for level 'ServerLevel[新的世界]'/minecraft:overworld
[17:24:58] [Server thread/INFO] (Minecraft) Saving chunks for level 'ServerLevel[新的世界]'/minecraft:the_end
[17:24:58] [Server thread/INFO] (Minecraft) Saving chunks for level 'ServerLevel[新的世界]'/minecraft:the_nether
[17:34:55] [Server thread/INFO] (Minecraft) Saving and pausing game...
[17:34:55] [Server thread/INFO] (Minecraft) Saving chunks for level 'ServerLevel[新的世界]'/minecraft:overworld
[17:34:55] [Server thread/INFO] (Minecraft) Saving chunks for level 'ServerLevel[新的世界]'/minecraft:the_end
[17:34:55] [Server thread/INFO] (Minecraft) Saving chunks for level 'ServerLevel[新的世界]'/minecraft:the_nether
[17:35:31] [Server thread/INFO] (Minecraft) Saving and pausing game...
[17:35:31] [Server thread/INFO] (Minecraft) Saving chunks for level 'ServerLevel[新的世界]'/minecraft:overworld
[17:35:31] [Server thread/INFO] (Minecraft) Saving chunks for level 'ServerLevel[新的世界]'/minecraft:the_end
[17:35:31] [Server thread/INFO] (Minecraft) Saving chunks for level 'ServerLevel[新的世界]'/minecraft:the_nether
[17:35:51] [Server thread/INFO] (Minecraft) Saving and pausing game...
[17:35:51] [Server thread/INFO] (Minecraft) Saving chunks for level 'ServerLevel[新的世界]'/minecraft:overworld
[17:35:51] [Server thread/INFO] (Minecraft) Saving chunks for level 'ServerLevel[新的世界]'/minecraft:the_end
[17:35:51] [Server thread/INFO] (Minecraft) Saving chunks for level 'ServerLevel[新的世界]'/minecraft:the_nether
[17:36:30] [Server thread/INFO] (Minecraft) Saving and pausing game...
[17:36:30] [Server thread/INFO] (Minecraft) Saving chunks for level 'ServerLevel[新的世界]'/minecraft:overworld
[17:36:30] [Server thread/INFO] (Minecraft) Saving chunks for level 'ServerLevel[新的世界]'/minecraft:the_end
[17:36:30] [Server thread/INFO] (Minecraft) Saving chunks for level 'ServerLevel[新的世界]'/minecraft:the_nether
[17:38:20] [Server thread/INFO] (Minecraft) Saving and pausing game...
[17:38:20] [Server thread/INFO] (Minecraft) Saving chunks for level 'ServerLevel[新的世界]'/minecraft:overworld
[17:38:20] [Server thread/INFO] (Minecraft) Saving chunks for level 'ServerLevel[新的世界]'/minecraft:the_end
[17:38:20] [Server thread/INFO] (Minecraft) Saving chunks for level 'ServerLevel[新的世界]'/minecraft:the_nether
[17:39:48] [Server thread/INFO] (Minecraft) Saving and pausing game...
[17:39:48] [Server thread/INFO] (Minecraft) Saving chunks for level 'ServerLevel[新的世界]'/minecraft:overworld
[17:39:48] [Server thread/INFO] (Minecraft) Saving chunks for level 'ServerLevel[新的世界]'/minecraft:the_end
[17:39:48] [Server thread/INFO] (Minecraft) Saving chunks for level 'ServerLevel[新的世界]'/minecraft:the_nether
[18:42:49] [Server thread/INFO] (Minecraft) Saving and pausing game...
[18:42:49] [Server thread/INFO] (Minecraft) Saving chunks for level 'ServerLevel[新的世界]'/minecraft:overworld
[18:42:49] [Server thread/INFO] (Minecraft) Saving chunks for level 'ServerLevel[新的世界]'/minecraft:the_end
[18:42:49] [Server thread/INFO] (Minecraft) Saving chunks for level 'ServerLevel[新的世界]'/minecraft:the_nether
[18:43:17] [Server thread/INFO] (Minecraft) Saving and pausing game...
[18:43:17] [Server thread/INFO] (Minecraft) Saving chunks for level 'ServerLevel[新的世界]'/minecraft:overworld
[18:43:17] [Server thread/INFO] (Minecraft) Saving chunks for level 'ServerLevel[新的世界]'/minecraft:the_end
[18:43:17] [Server thread/INFO] (Minecraft) Saving chunks for level 'ServerLevel[新的世界]'/minecraft:the_nether
[18:45:24] [Server thread/INFO] (Minecraft) Saving and pausing game...
[18:45:24] [Server thread/INFO] (Minecraft) Saving chunks for level 'ServerLevel[新的世界]'/minecraft:overworld
[18:45:24] [Server thread/INFO] (Minecraft) Saving chunks for level 'ServerLevel[新的世界]'/minecraft:the_end
[18:45:24] [Server thread/INFO] (Minecraft) Saving chunks for level 'ServerLevel[新的世界]'/minecraft:the_nether
[19:00:02] [Render thread/INFO] (Minecraft) Audio device was lost!
[19:00:02] [Render thread/WARN] (Minecraft) Missing sound for event: minecraft:item.goat_horn.play
[19:00:02] [Render thread/WARN] (Minecraft) Missing sound for event: minecraft:entity.goat.screaming.horn_break
[19:00:04] [Render thread/INFO] (Minecraft) OpenAL initialized on device OpenAL Soft on 扬声器 (Realtek(R) Audio)
[19:00:04] [Render thread/INFO] (Minecraft) Sound engine started
[19:00:04] [IO-Worker-79/INFO] (Minecraft) System default audio device has changed!
[19:00:04] [Render thread/WARN] (Minecraft) Missing sound for event: minecraft:item.goat_horn.play
[19:00:04] [Render thread/WARN] (Minecraft) Missing sound for event: minecraft:entity.goat.screaming.horn_break
[19:00:05] [Render thread/INFO] (Minecraft) OpenAL initialized on device OpenAL Soft on 扬声器 (Realtek(R) Audio)
[19:00:05] [Render thread/INFO] (Minecraft) Sound engine started
[19:14:43] [Render thread/INFO] (Minecraft) Stopping!
[19:14:43] [Server thread/INFO] (Minecraft) Player960 lost connection: 连接中断
[19:14:43] [Server thread/INFO] (Minecraft) Player960退出了游戏
[19:14:43] [Server thread/INFO] (Minecraft) Stopping singleplayer server as player logged out
[19:14:43] [Server thread/INFO] (Minecraft) Stopping server
[19:14:43] [Server thread/INFO] (Minecraft) Saving players
[19:14:43] [Server thread/INFO] (Minecraft) Saving worlds
[19:14:45] [Server thread/INFO] (Minecraft) Saving chunks for level 'ServerLevel[新的世界]'/minecraft:overworld
[19:14:45] [Server thread/INFO] (Minecraft) Saving chunks for level 'ServerLevel[新的世界]'/minecraft:the_end
[19:14:45] [Server thread/INFO] (Minecraft) Saving chunks for level 'ServerLevel[新的世界]'/minecraft:the_nether
[19:14:45] [Server thread/INFO] (Minecraft) ThreadedAnvilChunkStorage (新的世界): All chunks are saved
[19:14:45] [Server thread/INFO] (Minecraft) ThreadedAnvilChunkStorage (DIM1): All chunks are saved
[19:14:45] [Server thread/INFO] (Minecraft) ThreadedAnvilChunkStorage (DIM-1): All chunks are saved
[19:14:45] [Server thread/INFO] (Minecraft) ThreadedAnvilChunkStorage: All dimensions are saved
